@main(a: int) {
.entry:
  cond.0: bool = const true;
  br cond.0 .here .there;
.here:
  a.0: int = const 5;
  jmp .there;
.there:
  a.1: int = phi a a.0 .entry .here;
  print a.1;
  ret;
}
